// Jest Snapshot v1, https://goo.gl/fbAQLP

exports[`<Tile /> rendering matches snapshot when empty 1`] = `<DocumentFragment />`;

exports[`<Tile /> rendering matches snapshot when numbered 1`] = `<DocumentFragment />`;
